// Jest Snapshot v1, https://goo.gl/fbAQLP

exports[`AddIDtoGroupForm Component renders correctly 1`] = `
<div>
  <form
    class="max-w-md mx-auto p-6 border-2 border-dashed border-[#80AFB4] rounded-lg space-y-6"
  >
    <div
      class="space-y-2"
    >
      <label
        class="block text-lg font-semibold"
        for="entraID"
      >
        Enter ID
      </label>
      <input
        class="w-full px-3 py-2 border border-gray-300 rounded"
        id="entraID"
        name="entraID"
        placeholder="Enter entraID"
        required=""
        type="text"
        value=""
      />
    </div>
    <fieldset
      class="space-y-2"
    >
      <legend
        class="block text-lg font-semibold"
      >
        Environment
      </legend>
      <div
        class="space-y-1"
      >
        <label
          class="block"
        >
          <input
            checked=""
            class="mr-2"
            name="environment"
            type="radio"
            value="prod"
          />
          Prod
        </label>
        <label
          class="block"
        >
          <input
            class="mr-2"
            name="environment"
            type="radio"
            value="test"
          />
          Test
        </label>
        <label
          class="block"
        >
          <input
            class="mr-2"
            name="environment"
            type="radio"
            value="development"
          />
          Development
        </label>
      </div>
    </fieldset>
    <div
      class="space-y-2"
    >
      <label
        class="block text-lg font-semibold"
        for="group"
      >
        Select Group
      </label>
      <select
        class="w-full px-3 py-2 border border-gray-300 rounded"
        id="group"
        name="group"
        required=""
      >
        <option
          value=""
        >
          Select a group
        </option>
        <option
          value="Group 1"
        >
          Group 1
        </option>
        <option
          value="Group 2"
        >
          Group 2
        </option>
        <option
          value="Group 3"
        >
          Group 3
        </option>
      </select>
    </div>
    <button
      class="w-full bg-blue-500 text-white py-2 px-4 rounded hover:bg-blue-600"
      type="submit"
    >
      Add
    </button>
  </form>
</div>
`;
