// Jest Snapshot v1, https://goo.gl/fbAQLP

exports[`NavBar renders correctly 1`] = `
<div>
  <nav
    class="bg-gray-800 text-white p-4 shadow-md grid grid-cols-2 "
  >
    <div
      class="flex justify-start items-center gap-2"
    >
      <a
        aria-label="logo"
        href="/"
      >
        <img
          alt="Logo"
          data-nimg="1"
          decoding="async"
          height="24"
          loading="lazy"
          src="/_next/image?url=%2Fimages%2FEquinor_Symbol_Favicon_RED_64x64px.png&w=48&q=75"
          srcset="/_next/image?url=%2Fimages%2FEquinor_Symbol_Favicon_RED_64x64px.png&w=32&q=75 1x, /_next/image?url=%2Fimages%2FEquinor_Symbol_Favicon_RED_64x64px.png&w=48&q=75 2x"
          style="color: transparent;"
          width="24"
        />
      </a>
      <a
        aria-label="title"
        href="/"
      >
        <h1
          class="font-bold"
        >
          OSDU Self-service Portal
        </h1>
      </a>
    </div>
  </nav>
</div>
`;
